(33.110000) can0 501#00FF00FF00000300
(33.120000) can0 504#0000000000000000
(33.170000) can0 173#0D0C040000000000
(33.300000) can0 171#0200000000000000
(33.310000) can0 501#00FF00FF00000300
(33.320000) can0 504#0000000000000000
(33.370000) can0 173#0D0C040000000000
(33.500000) can0 171#0200000000000000
(33.510000) can0 501#00FF00FF00000300
(33.520000) can0 504#0000000000000000
(33.570000) can0 173#0D0C040000000000
(33.620000) can0 100#FF0000FF00000000
(33.670000) can0 570#FFFFFFFFFFFFFFFF
(33.700000) can0 171#0200000000000000
(33.720000) can0 501#00FF00FF00000300
(33.760000) can0 504#0000000000000000
(33.800000) can0 173#0D0C040000000000
(33.900000) can0 171#0200000000000000
(33.910000) can0 501#00FF00FF00000300
(33.920000) can0 504#0000000000000000
(33.960000) can0 440#4004000000000000
(34.000000) can0 173#0D0C040000000000
(34.100000) can0 171#0200000000000000
(34.110000) can0 501#00FF00FF00000300
(34.120000) can0 504#0000000000000000
(34.170000) can0 173#0D0C040000000000
(34.300000) can0 171#0200000000000000
(34.310000) can0 501#00FF00FF00000300
(34.320000) can0 504#0000000000000000
(34.370000) can0 173#0D0C040000000000
(34.500000) can0 171#0200000000000000
(34.510000) can0 501#00FF00FF00000300
(34.520000) can0 504#0000000000000000
(34.570000) can0 173#0D0C040000000000
(34.670000) can0 570#FFFFFFFFFFFFFFFF
(34.700000) can0 171#0200000000000000
(34.710000) can0 501#00FF00FF00000300
(34.720000) can0 504#0000000000000000
(34.770000) can0 173#0D0C040000000000
(34.900000) can0 171#0200000000000000
(34.910000) can0 501#00FF00FF00000300
(34.920000) can0 504#0000000000000000
(34.960000) can0 440#4004000000000000
(35.000000) can0 173#0D0C040000000000
(35.100000) can0 171#0200000000000000
(35.110000) can0 501#00FF00FF00000300
(35.120000) can0 504#0000000000000000
(35.170000) can0 173#0D0C040000000000
(35.300000) can0 171#0200000000000000
(35.310000) can0 501#00FF00FF00000300
(35.320000) can0 504#0000000000000000
(35.370000) can0 173#0D0C040000000000
(35.500000) can0 171#0200000000000000
(35.510000) can0 501#00FF00FF00000300
(35.520000) can0 504#0000000000000000
(35.570000) can0 173#0D0C040000000000
(35.620000) can0 100#FF0000FF00000000
(35.670000) can0 570#FFFFFFFFFFFFFFFF
(35.700000) can0 171#0200000000000000
(35.720000) can0 501#00FF00FF00000300
(35.760000) can0 504#0000000000000000
(35.800000) can0 173#0D0C040000000000
(35.900000) can0 171#0200000000000000
(35.910000) can0 501#00FF00FF00000300
(35.920000) can0 504#0000000000000000
(35.960000) can0 440#4004000000000000
(36.000000) can0 173#0D0C040000000000
(36.100000) can0 171#0200000000000000
(36.110000) can0 501#00FF00FF00000300
(36.120000) can0 504#0000000000000000
(36.170000) can0 173#0D0C040000000000
(36.300000) can0 171#0200000000000000
(36.310000) can0 501#00FF00FF00000300
(36.320000) can0 504#0000000000000000
(36.370000) can0 173#0D0C040000000000
(36.500000) can0 171#0200000000000000
(36.510000) can0 501#00FF00FF00000300
(36.520000) can0 504#0000000000000000
(36.570000) can0 173#0D0C040000000000
(36.670000) can0 570#FFFFFFFFFFFFFFFF
(36.700000) can0 171#0200000000000000
(36.710000) can0 501#00FF00FF00000300
(36.720000) can0 504#0000000000000000
(36.770000) can0 173#0D0C040000000000
(36.900000) can0 171#0200000000000000
(36.910000) can0 501#00FF00FF00000300
(36.920000) can0 504#0000000000000000
(36.960000) can0 440#4004000000000000
(37.000000) can0 173#0D0C040000000000
(37.100000) can0 171#0200000000000000
(37.110000) can0 501#00FF00FF00000300
(37.120000) can0 504#0000000000000000
(37.170000) can0 173#0D0C040000000000
(37.300000) can0 171#0200000000000000
(37.310000) can0 501#00FF00FF00000300
(37.320000) can0 504#0000000000000000
(37.370000) can0 173#0D0C040000000000
(37.500000) can0 171#0200000000000000
(37.510000) can0 501#00FF00FF00000300
(37.520000) can0 504#0000000000000000
(37.570000) can0 173#0D0C040000000000
(37.620000) can0 100#FF0000FF00000000
(37.670000) can0 570#FFFFFFFFFFFFFFFF
(37.700000) can0 171#0200000000000000
(37.720000) can0 501#00FF00FF00000300
(37.760000) can0 504#0000000000000000
(37.800000) can0 173#0D0C040000000000
(37.900000) can0 171#0200000000000000
(37.910000) can0 501#00FF00FF00000300
(37.920000) can0 504#0000000000000000
(37.960000) can0 440#4004000000000000
(38.000000) can0 173#0D0C040000000000
(38.100000) can0 171#0200000000000000
(38.110000) can0 501#00FF00FF00000300
(38.120000) can0 504#0000000000000000
(38.170000) can0 173#0D0C040000000000
(38.300000) can0 171#0200000000000000
(38.310000) can0 501#00FF00FF00000300
(38.320000) can0 504#0000000000000000
(38.370000) can0 173#0D0C040000000000
(38.500000) can0 171#0200000000000000
(38.510000) can0 501#00FF00FF00000300
(38.520000) can0 504#0000000000000000
(38.570000) can0 173#0D0C040000000000
(38.670000) can0 570#FFFFFFFFFFFFFFFF
(38.700000) can0 171#0200000000000000
(38.710000) can0 501#00FF00FF00000300
(38.720000) can0 504#0000000000000000
(38.770000) can0 173#0D0C040000000000
(38.900000) can0 171#0200000000000000
(38.910000) can0 501#00FF00FF00000300
(38.920000) can0 504#0000000000000000
(38.950000) can0 440#4004000000000000
(38.990000) can0 173#0D0C040000000000
(39.100000) can0 171#0200000000000000
(39.110000) can0 501#00FF00FF00000300
(39.120000) can0 504#0000000000000000
(39.170000) can0 173#0D0C040000000000
(39.300000) can0 171#0200000000000000
(39.310000) can0 501#00FF00FF00000300
(39.320000) can0 504#0000000000000000
(39.370000) can0 173#0D0C040000000000
(39.500000) can0 171#0200000000000000
(39.510000) can0 501#00FF00FF00000300
(39.520000) can0 504#0000000000000000
(39.570000) can0 173#0D0C040000000000
(39.620000) can0 100#FF0000FF00000000
(39.670000) can0 570#FFFFFFFFFFFFFFFF
(39.700000) can0 171#0200000000000000
(39.720000) can0 501#00FF00FF00000300
(39.760000) can0 504#0000000000000000
(39.800000) can0 173#0D0C040000000000
(39.900000) can0 171#0200000000000000
(39.910000) can0 501#00FF00FF00000300
(39.920000) can0 504#0000000000000000
(39.960000) can0 440#4004000000000000
(40.000000) can0 173#0D0C040000000000
(40.100000) can0 171#0200000000000000
(40.110000) can0 501#00FF00FF00000300
(40.120000) can0 504#0000000000000000
(40.170000) can0 173#0D0C040000000000
(40.300000) can0 171#0200000000000000
(40.310000) can0 501#00FF00FF00000300
(40.320000) can0 504#0000000000000000
(40.370000) can0 173#0D0C040000000000
(40.500000) can0 171#0200000000000000
(40.510000) can0 501#00FF00FF00000300
(40.520000) can0 504#0000000000000000
(40.570000) can0 173#0D0C040000000000
(40.670000) can0 570#FFFFFFFFFFFFFFFF
(40.700000) can0 171#0200000000000000
(40.710000) can0 501#00FF00FF00000300
(40.720000) can0 504#0000000000000000
(40.770000) can0 173#0D0C040000000000
(40.900000) can0 171#0200000000000000
(40.910000) can0 501#00FF00FF00000300
(40.920000) can0 504#0000000000000000
(40.950000) can0 440#4004000000000000
(40.990000) can0 173#0D0C040000000000
(41.100000) can0 171#0200000000000000
(41.110000) can0 501#00FF00FF00000300
(41.120000) can0 504#0000000000000000
(41.170000) can0 173#0D0C040000000000
(41.300000) can0 171#0200000000000000
(41.310000) can0 501#00FF00FF00000300
